// Jest Snapshot v1, https://goo.gl/fbAQLP

exports[`renders SearchInput component correctly 1`] = `
<View
  style={
    {
      "alignItems": "center",
      "backgroundColor": "#f9f9f9",
      "borderColor": "#c5c5af",
      "borderRadius": 10,
      "borderWidth": 1,
      "flexDirection": "row",
      "justifyContent": "center",
      "paddingHorizontal": 10,
      "width": "70%",
    }
  }
>
  <Text>
    🔍
  </Text>
  <TextInput
    onChangeText={[Function]}
    placeholder="Search"
    style={
      {
        "padding": 16,
        "width": "90%",
      }
    }
    value=""
  />
</View>
`;
